---
source: src/ui.rs
expression: render(&v).backend()
---
" ▄▀▀▀ cornercase                                         │                                          "
" █                                                       │                                          "
"                                                         │                                          "
"  ⌕ search projects, workspaces, tabs                    │                                          "
"                  ┌ new worktree ────────────────────────────────────────────────┐                  "
" projects         │ branch                                                       │                  "
"                  │ › feat/login                                                 │                  "
"▌ cornercase (1)  │ in ~/.cornercase/worktrees/cornercase/feat-login             │                  "
"                  │                                                              │                  "
"  + new project   │ a branch named 'feat/login' already exists                   │                  "
"                  │                                                              │                  "
"                  │                                                              │                  "
"                  │                                             create   cancel  │                  "
"                  └──────────────────────────────────────────────────────────────┘                  "
" ───────────────────────────── │                         │                                          "
"  settings                     │                         │                                          "
"  usage                        │                         │                                          "
"  quit                         │                         │                                          "
