---
source: src/ui/changes.rs
expression: "render(&view, None).backend()"
---
"  shop › issue-482   Every project                    ⌕  ×  "
"  uncommitted                                               "
" 0 files                                             ● live "
"                                                            "
" no changes in any project                                  "
"                                                            "
"                                                            "
"                                                            "
"                                                            "
"                                                            "
"                                                            "
"                                                            "
"                                                            "
"                                                            "
"                                                            "
"                                                            "
"                                                            "
"                                                            "
"                                                            "
"                                                            "
"                                                            "
"                                                            "
" ────────────────────────────────────────────────────────── "
"                                                            "
