---
source: src/ui/changes.rs
expression: "render(&view, None).backend()"
---
"  uncommitted   commits   all                            ×  "
" cannot compare with nope                                   "
"                                                            "
"                                                            "
"                                                            "
"                                                            "
"                                                            "
"                                                            "
"                                                            "
"                                                            "
"                                                            "
"                                                            "
"                                                            "
"                                                            "
"                                                            "
"                                                            "
"                                                            "
"                                                            "
"                                                            "
"                                                            "
"                                                            "
"                                                            "
" ────────────────────────────────────────────────────────── "
"                                                            "
